// Jest Snapshot v1, https://goo.gl/fbAQLP

exports[`App Template should match snapshot 1`] = `
<DocumentFragment>
  <main
    class="appTemplate"
  >
    <nav
      class="appNav"
    >
      <a
        aria-current="page"
        aria-label="Navigate to Home Page"
        class="appLinkButton appLinkButtonActive appButton"
        href="/"
      >
        Home
      </a>
      <a
        aria-label="Navigate to Contact Page"
        class="appLinkButton appButton"
        href="/contact"
      >
        Contact
      </a>
    </nav>
    <section
      class="appTemplatePage"
    >
      <div
        class="appCounter"
      >
        <span
          aria-live="polite"
          class="appCounterText fs-600"
          role="region"
        >
          Current Count: 0
        </span>
        <button
          aria-label="Increment counter"
          class="appButton"
        >
          Increment
        </button>
        <button
          aria-label="Decrement counter"
          class="appButton"
        >
          Decrement
        </button>
      </div>
    </section>
  </main>
</DocumentFragment>
`;
