// Jest Snapshot v1, https://goo.gl/fbAQLP

exports[`App Contact should match snapshot 1`] = `
<DocumentFragment>
  <section>
    <h2
      class="fs-600"
    >
      Contact Page
    </h2>
  </section>
</DocumentFragment>
`;
