// Jest Snapshot v1, https://goo.gl/fbAQLP

exports[`App Link Button should match snapshot 1`] = `
<DocumentFragment>
  <a
    aria-current="page"
    class="appLinkButton appLinkButtonActive appButton"
    href="/"
  >
    Home
  </a>
</DocumentFragment>
`;
