// Jest Snapshot v1, https://goo.gl/fbAQLP

exports[`App Nav should match snapshot 1`] = `
<DocumentFragment>
  <nav
    class="appNav"
  >
    <h2
      class="sr-only"
    >
      Site Navigation
    </h2>
    <a
      aria-current="page"
      aria-label="Navigate to Home Page"
      class="appLinkButton appLinkButtonActive appButton"
      href="/"
    >
      Home
    </a>
    <a
      aria-label="Navigate to Contact Page"
      class="appLinkButton appButton"
      href="/contact"
    >
      Contact
    </a>
  </nav>
</DocumentFragment>
`;
