// Jest Snapshot v1, https://goo.gl/fbAQLP

exports[`App Home should match snapshot 1`] = `
<DocumentFragment>
  <div
    class="appCounter"
  >
    <span
      aria-live="polite"
      class="appCounterText fs-600"
      role="region"
    >
      Current Count: 0
    </span>
    <button
      aria-label="Increment counter"
      class="appButton"
    >
      Increment
    </button>
    <button
      aria-label="Decrement counter"
      class="appButton"
    >
      Decrement
    </button>
  </div>
</DocumentFragment>
`;
