// Jest Snapshot v1, https://goo.gl/fbAQLP

exports[`App Button should match snapshot 1`] = `
<DocumentFragment>
  <button
    class="app-button"
  >
    Test
  </button>
</DocumentFragment>
`;
